// Jest Snapshot v1, https://goo.gl/fbAQLP

exports[`AgGrid LinkRenderer component renders correctly 1`] = `<Fragment />`;
