// Jest Snapshot v1, https://goo.gl/fbAQLP

exports[`AgGrid ProgressRenderer component renders correctly 1`] = `<Fragment />`;
