// Jest Snapshot v1, https://goo.gl/fbAQLP

exports[`BBoxCorner component renders correctly 1`] = `
<div
  className="makeStyles-bbox-1 makeStyles-bboxLeftBottomCorner-2 "
/>
`;
